/logs/
errors.txt